// Jest Snapshot v1, https://goo.gl/fbAQLP

exports[`BookSearch should render correctly 1`] = `undefined`;
